[    0.000000] Linux version 4.15.0-187-generic (buildd@lcy02-amd64-046) (gcc version 7.5.0 (Ubuntu 7.5.0-3ubuntu1~18.04)) #198-Ubuntu SMP Tue Jun 14 03:23:51 UTC 2022 (Ubuntu 4.15.0-187.198-generic 4.15.18)
[    0.000000] Command line: BOOT_IMAGE=/boot/vmlinuz-4.15.0-187-generic root=LABEL=cloudimg-rootfs ro console=tty1 console=ttyS0
[    0.000000] KERNEL supported cpus:
[    0.000000]   Intel GenuineIntel
[    0.000000]   AMD AuthenticAMD
[    0.000000]   Centaur CentaurHauls
[    0.000000] x86/fpu: Supporting XSAVE feature 0x001: 'x87 floating point registers'
[    0.000000] x86/fpu: Supporting XSAVE feature 0x002: 'SSE registers'
[    0.000000] x86/fpu: Supporting XSAVE feature 0x004: 'AVX registers'
[    0.000000] x86/fpu: xstate_offset[2]:  576, xstate_sizes[2]:  256
[    0.000000] x86/fpu: Enabled xstate features 0x7, context size is 832 bytes, using 'standard' format.
[    0.000000] e820: BIOS-provided physical RAM map:
[    0.000000] BIOS-e820: [mem 0x0000000000000000-0x000000000009fbff] usable
[    0.000000] BIOS-e820: [mem 0x000000000009fc00-0x000000000009ffff] reserved
[    0.000000] BIOS-e820: [mem 0x00000000000f0000-0x00000000000fffff] reserved
[    0.000000] BIOS-e820: [mem 0x0000000000100000-0x000000001ffeffff] usable
[    0.000000] BIOS-e820: [mem 0x000000001fff0000-0x000000001fffffff] ACPI data
[    0.000000] BIOS-e820: [mem 0x00000000fec00000-0x00000000fec00fff] reserved
[    0.000000] BIOS-e820: [mem 0x00000000fee00000-0x00000000fee00fff] reserved
[    0.000000] BIOS-e820: [mem 0x00000000fffc0000-0x00000000ffffffff] reserved
[    0.000000] NX (Execute Disable) protection: active
[    0.000000] SMBIOS 2.5 present.
[    0.000000] DMI: innotek GmbH VirtualBox/VirtualBox, BIOS VirtualBox 12/01/2006
[    0.000000] Hypervisor detected: KVM
[    0.000000] e820: last_pfn = 0x1fff0 max_arch_pfn = 0x400000000
[    0.000000] MTRR: Disabled
[    0.000000] x86/PAT: MTRRs disabled, skipping PAT initialization too.
[    0.000000] CPU MTRRs all blank - virtualized system.
[    0.000000] x86/PAT: Configuration [0-7]: WB  WT  UC- UC  WB  WT  UC- UC  
[    0.000000] found SMP MP-table at [mem 0x0009fff0-0x0009ffff]
[    0.000000] Scanning 1 areas for low memory corruption
[    0.000000] RAMDISK: [mem 0x1db3f000-0x1ee51fff]
[    0.000000] ACPI: Early table checksum verification disabled
[    0.000000] ACPI: RSDP 0x00000000000E0000 000024 (v02 VBOX  )
[    0.000000] ACPI: XSDT 0x000000001FFF0030 00003C (v01 VBOX   VBOXXSDT 00000001 ASL  00000061)
[    0.000000] ACPI: FACP 0x000000001FFF00F0 0000F4 (v04 VBOX   VBOXFACP 00000001 ASL  00000061)
[    0.000000] ACPI: DSDT 0x000000001FFF0470 002325 (v02 VBOX   VBOXBIOS 00000002 INTL 20100528)
[    0.000000] ACPI: FACS 0x000000001FFF0200 000040
[    0.000000] ACPI: FACS 0x000000001FFF0200 000040
[    0.000000] ACPI: APIC 0x000000001FFF0240 00005C (v02 VBOX   VBOXAPIC 00000001 ASL  00000061)
[    0.000000] ACPI: SSDT 0x000000001FFF02A0 0001CC (v01 VBOX   VBOXCPUT 00000002 INTL 20100528)
[    0.000000] ACPI: Reserving FACP table memory at [mem 0x1fff00f0-0x1fff01e3]
[    0.000000] ACPI: Reserving DSDT table memory at [mem 0x1fff0470-0x1fff2794]
[    0.000000] ACPI: Reserving FACS table memory at [mem 0x1fff0200-0x1fff023f]
[    0.000000] ACPI: Reserving FACS table memory at [mem 0x1fff0200-0x1fff023f]
[    0.000000] ACPI: Reserving APIC table memory at [mem 0x1fff0240-0x1fff029b]
[    0.000000] ACPI: Reserving SSDT table memory at [mem 0x1fff02a0-0x1fff046b]
[    0.000000] No NUMA configuration found
[    0.000000] Faking a node at [mem 0x0000000000000000-0x000000001ffeffff]
[    0.000000] NODE_DATA(0) allocated [mem 0x1ffc5000-0x1ffeffff]
[    0.000000] kvm-clock: cpu 0, msr 0:1ff44001, primary cpu clock
[    0.000000] kvm-clock: Using msrs 4b564d01 and 4b564d00
[    0.000000] kvm-clock: using sched offset of 3528113808 cycles
[    0.000000] clocksource: kvm-clock: mask: 0xffffffffffffffff max_cycles: 0x1cd42e4dffb, max_idle_ns: 881590591483 ns
[    0.000000] Zone ranges:
[    0.000000]   DMA      [mem 0x0000000000001000-0x0000000000ffffff]
[    0.000000]   DMA32    [mem 0x0000000001000000-0x000000001ffeffff]
[    0.000000]   Normal   empty
[    0.000000]   Device   empty
[    0.000000] Movable zone start for each node
[    0.000000] Early memory node ranges
[    0.000000]   node   0: [mem 0x0000000000001000-0x000000000009efff]
[    0.000000]   node   0: [mem 0x0000000000100000-0x000000001ffeffff]
[    0.000000] Reserved but unavailable: 104 pages
[    0.000000] Initmem setup node 0 [mem 0x0000000000001000-0x000000001ffeffff]
[    0.000000] ACPI: PM-Timer IO Port: 0x4008
[    0.000000] IOAPIC[0]: apic_id 2, version 32, address 0xfec00000, GSI 0-23
[    0.000000] ACPI: INT_SRC_OVR (bus 0 bus_irq 0 global_irq 2 dfl dfl)
[    0.000000] ACPI: INT_SRC_OVR (bus 0 bus_irq 9 global_irq 9 low level)
[    0.000000] Using ACPI (MADT) for SMP configuration information
[    0.000000] smpboot: Allowing 2 CPUs, 0 hotplug CPUs
[    0.000000] PM: Registered nosave memory: [mem 0x00000000-0x00000fff]
[    0.000000] PM: Registered nosave memory: [mem 0x0009f000-0x0009ffff]
[    0.000000] PM: Registered nosave memory: [mem 0x000a0000-0x000effff]
[    0.000000] PM: Registered nosave memory: [mem 0x000f0000-0x000fffff]
[    0.000000] e820: [mem 0x20000000-0xfebfffff] available for PCI devices
[    0.000000] Booting paravirtualized kernel on KVM
[    0.000000] clocksource: refined-jiffies: mask: 0xffffffff max_cycles: 0xffffffff, max_idle_ns: 7645519600211568 ns
[    0.000000] random: get_random_bytes called from start_kernel+0x99/0x500 with crng_init=0
[    0.000000] setup_percpu: NR_CPUS:8192 nr_cpumask_bits:2 nr_cpu_ids:2 nr_node_ids:1
[    0.000000] percpu: Embedded 50 pages/cpu s167936 r8192 d28672 u1048576
[    0.000000] PV qspinlock hash table entries: 256 (order: 0, 4096 bytes)
[    0.000000] Built 1 zonelists, mobility grouping on.  Total pages: 128889
[    0.000000] Policy zone: DMA32
[    0.000000] Kernel command line: BOOT_IMAGE=/boot/vmlinuz-4.15.0-187-generic root=LABEL=cloudimg-rootfs ro console=tty1 console=ttyS0
[    0.000000] Memory: 466548K/523832K available (12300K kernel code, 2484K rwdata, 4324K rodata, 2468K init, 2724K bss, 57284K reserved, 0K cma-reserved)
[    0.000000] SLUB: HWalign=64, Order=0-3, MinObjects=0, CPUs=2, Nodes=1
[    0.000000] Kernel/User page tables isolation: enabled
[    0.000000] ftrace: allocating 39513 entries in 155 pages
[    0.004000] Hierarchical RCU implementation.
[    0.004000] 	RCU restricting CPUs from NR_CPUS=8192 to nr_cpu_ids=2.
[    0.004000] 	Tasks RCU enabled.
[    0.004000] RCU: Adjusting geometry for rcu_fanout_leaf=16, nr_cpu_ids=2
[    0.004000] NR_IRQS: 524544, nr_irqs: 440, preallocated irqs: 16
[    0.004000] Console: colour VGA+ 80x25
[    0.004000] console [tty1] enabled
[    0.004000] console [ttyS0] enabled
[    0.004000] ACPI: Core revision 20170831
[    0.004000] ACPI: 2 ACPI AML tables successfully acquired and loaded
[    0.004000] APIC: Switch to symmetric I/O mode setup
[    0.004000] x2apic enabled
[    0.004000] Switched APIC routing to physical x2apic.
[    0.004000] ..TIMER: vector=0x30 apic1=0 pin1=2 apic2=-1 pin2=-1
[    0.004000] tsc: Detected 2591.996 MHz processor
[    0.004000] Calibrating delay loop (skipped) preset value.. 5183.99 BogoMIPS (lpj=10367984)
[    0.004003] pid_max: default: 32768 minimum: 301
[    0.004655] Security Framework initialized
[    0.005164] Yama: becoming mindful.
[    0.005622] AppArmor: AppArmor initialized
[    0.006189] Dentry cache hash table entries: 65536 (order: 7, 524288 bytes)
[    0.007028] Inode-cache hash table entries: 32768 (order: 6, 262144 bytes)
[    0.008007] Mount-cache hash table entries: 1024 (order: 1, 8192 bytes)
[    0.008830] Mountpoint-cache hash table entries: 1024 (order: 1, 8192 bytes)
[    0.009997] Last level iTLB entries: 4KB 64, 2MB 8, 4MB 8
[    0.010686] Last level dTLB entries: 4KB 64, 2MB 0, 4MB 0, 1GB 4
[    0.012002] Spectre V1 : Mitigation: usercopy/swapgs barriers and __user pointer sanitization
[    0.013016] Spectre V2 : Mitigation: Retpolines
[    0.013571] Spectre V2 : Spectre v2 / SpectreRSB mitigation: Filling RSB on context switch
[    0.014558] Speculative Store Bypass: Vulnerable
[    0.015282] MDS: Mitigation: Clear CPU buffers
[    0.015830] MMIO Stale Data: Mitigation: Clear CPU buffers
[    0.016001] SRBDS: Unknown: Dependent on hypervisor status
[    0.016779] Freeing SMP alternatives memory: 36K
[    0.127893] smpboot: CPU0: Intel(R) Core(TM) i7-9750H CPU @ 2.60GHz (family: 0x6, model: 0x9e, stepping: 0xa)
[    0.128000] Performance Events: unsupported p6 CPU model 158 no PMU driver, software events only.
[    0.128000] Hierarchical SRCU implementation.
[    0.128221] NMI watchdog: Perf event create on CPU 0 failed with -2
[    0.128982] NMI watchdog: Perf NMI watchdog permanently disabled
[    0.129736] smp: Bringing up secondary CPUs ...
[    0.130366] x86: Booting SMP configuration:
[    0.130896] .... node  #0, CPUs:      #1
[    0.004000] kvm-clock: cpu 1, msr 0:1ff44041, secondary cpu clock
[    0.134164] smp: Brought up 1 node, 2 CPUs
[    0.134164] smpboot: Max logical packages: 1
[    0.134164] smpboot: Total of 2 processors activated (10367.98 BogoMIPS)
[    0.136073] devtmpfs: initialized
[    0.136520] x86/mm: Memory block size: 128MB
[    0.137128] evm: security.selinux
[    0.137702] evm: security.SMACK64
[    0.138133] evm: security.SMACK64EXEC
[    0.138602] evm: security.SMACK64TRANSMUTE
[    0.139118] evm: security.SMACK64MMAP
[    0.140002] evm: security.apparmor
[    0.140444] evm: security.ima
[    0.140839] evm: security.capability
[    0.141322] clocksource: jiffies: mask: 0xffffffff max_cycles: 0xffffffff, max_idle_ns: 7645041785100000 ns
[    0.141322] futex hash table entries: 512 (order: 3, 32768 bytes)
[    0.141986] pinctrl core: initialized pinctrl subsystem
[    0.144072] RTC time:  9:22:20, date: 09/02/22
[    0.144768] NET: Registered protocol family 16
[    0.145415] audit: initializing netlink subsys (disabled)
[    0.146136] audit: type=2000 audit(1662110545.414:1): state=initialized audit_enabled=0 res=1
[    0.148011] cpuidle: using governor ladder
[    0.148541] cpuidle: using governor menu
[    0.149065] ACPI: bus type PCI registered
[    0.149575] acpiphp: ACPI Hot Plug PCI Controller Driver version: 0.5
[    0.150424] PCI: Using configuration type 1 for base access
[    0.152033] HugeTLB registered 2.00 MiB page size, pre-allocated 0 pages
[    0.152963] ACPI: Added _OSI(Module Device)
[    0.152963] ACPI: Added _OSI(Processor Device)
[    0.153157] ACPI: Added _OSI(3.0 _SCP Extensions)
[    0.153740] ACPI: Added _OSI(Processor Aggregator Device)
[    0.154513] ACPI: Added _OSI(Linux-Dell-Video)
[    0.156007] ACPI: Added _OSI(Linux-Lenovo-NV-HDMI-Audio)
[    0.156661] ACPI: Added _OSI(Linux-HPI-Hybrid-Graphics)
[    0.157570] ACPI: Executed 1 blocks of module-level executable AML code
[    0.161711] ACPI: Interpreter enabled
[    0.162236] ACPI: (supports S0 S5)
[    0.162685] ACPI: Using IOAPIC for interrupt routing
[    0.163449] PCI: Using host bridge windows from ACPI; if necessary, use "pci=nocrs" and report a bug
[    0.164117] ACPI: Enabled 2 GPEs in block 00 to 07
[    0.172869] ACPI: PCI Root Bridge [PCI0] (domain 0000 [bus 00-ff])
[    0.174246] acpi PNP0A03:00: _OSC: OS supports [ASPM ClockPM Segments MSI]
[    0.175575] acpi PNP0A03:00: _OSC: not requesting OS control; OS requires [ExtendedConfig ASPM ClockPM MSI]
[    0.176008] acpi PNP0A03:00: fail to add MMCONFIG information, can't access extended PCI configuration space under this bridge.
[    0.177646] PCI host bridge to bus 0000:00
[    0.178247] pci_bus 0000:00: root bus resource [io  0x0000-0x0cf7 window]
[    0.179131] pci_bus 0000:00: root bus resource [io  0x0d00-0xffff window]
[    0.180002] pci_bus 0000:00: root bus resource [mem 0x000a0000-0x000bffff window]
[    0.181369] pci_bus 0000:00: root bus resource [mem 0x20000000-0xfdffffff window]
[    0.182296] pci_bus 0000:00: root bus resource [bus 00-ff]
[    0.185103] pci 0000:00:01.1: legacy IDE quirk: reg 0x10: [io  0x01f0-0x01f7]
[    0.186090] pci 0000:00:01.1: legacy IDE quirk: reg 0x14: [io  0x03f6]
[    0.186881] pci 0000:00:01.1: legacy IDE quirk: reg 0x18: [io  0x0170-0x0177]
[    0.187768] pci 0000:00:01.1: legacy IDE quirk: reg 0x1c: [io  0x0376]
[    0.197271] pci 0000:00:07.0: quirk: [io  0x4000-0x403f] claimed by PIIX4 ACPI
[    0.198795] pci 0000:00:07.0: quirk: [io  0x4100-0x410f] claimed by PIIX4 SMB
[    0.206729] ACPI: PCI Interrupt Link [LNKA] (IRQs 5 9 10 *11)
[    0.208211] ACPI: PCI Interrupt Link [LNKB] (IRQs 5 9 *10 11)
[    0.209485] ACPI: PCI Interrupt Link [LNKC] (IRQs 5 *9 10 11)
[    0.210271] ACPI: PCI Interrupt Link [LNKD] (IRQs 5 9 10 *11)
[    0.211288] SCSI subsystem initialized
[    0.212022] pci 0000:00:02.0: vgaarb: setting as boot VGA device
[    0.212782] pci 0000:00:02.0: vgaarb: VGA device added: decodes=io+mem,owns=io+mem,locks=none
[    0.213832] pci 0000:00:02.0: vgaarb: bridge control possible
[    0.214533] vgaarb: loaded
[    0.214919] ACPI: bus type USB registered
[    0.215440] usbcore: registered new interface driver usbfs
[    0.216013] usbcore: registered new interface driver hub
[    0.216710] usbcore: registered new device driver usb
[    0.217361] EDAC MC: Ver: 3.0.0
[    0.217361] PCI: Using ACPI for IRQ routing
[    0.217361] NetLabel: Initializing
[    0.217361] NetLabel:  domain hash size = 128
[    0.220005] NetLabel:  protocols = UNLABELED CIPSOv4 CALIPSO
[    0.220705] NetLabel:  unlabeled traffic allowed by default
[    0.221468] clocksource: Switched to clocksource kvm-clock
[    0.233948] VFS: Disk quotas dquot_6.6.0
[    0.234838] VFS: Dquot-cache hash table entries: 512 (order 0, 4096 bytes)
[    0.236802] AppArmor: AppArmor Filesystem Enabled
[    0.237407] pnp: PnP ACPI init
[    0.238531] pnp: PnP ACPI: found 3 devices
[    0.247196] clocksource: acpi_pm: mask: 0xffffff max_cycles: 0xffffff, max_idle_ns: 2085701024 ns
[    0.249083] NET: Registered protocol family 2
[    0.249775] IP idents hash table entries: 8192 (order: 4, 65536 bytes)
[    0.250671] TCP established hash table entries: 4096 (order: 3, 32768 bytes)
[    0.251600] TCP bind hash table entries: 4096 (order: 4, 65536 bytes)
[    0.252490] TCP: Hash tables configured (established 4096 bind 4096)
[    0.253456] UDP hash table entries: 256 (order: 1, 8192 bytes)
[    0.254237] UDP-Lite hash table entries: 256 (order: 1, 8192 bytes)
[    0.255092] NET: Registered protocol family 1
[    0.255822] pci 0000:00:00.0: Limiting direct PCI/PCI transfers
[    0.256575] pci 0000:00:01.0: Activating ISA DMA hang workarounds
[    0.257443] pci 0000:00:02.0: Video device with shadowed ROM at [mem 0x000c0000-0x000dffff]
[    0.258584] Unpacking initramfs...
[    0.516197] Freeing initrd memory: 19532K
[    0.517213] clocksource: tsc: mask: 0xffffffffffffffff max_cycles: 0x255cb30caa3, max_idle_ns: 440795217292 ns
[    0.518847] platform rtc_cmos: registered platform RTC device (no PNP device found)
[    0.519802] Scanning for low memory corruption every 60 seconds
[    0.521398] Initialise system trusted keyrings
[    0.521971] Key type blacklist registered
[    0.522626] workingset: timestamp_bits=36 max_order=17 bucket_order=0
[    0.524067] zbud: loaded
[    0.524843] squashfs: version 4.0 (2009/01/31) Phillip Lougher
[    0.525800] fuse init (API version 7.26)
[    0.528224] Key type asymmetric registered
[    0.528747] Asymmetric key parser 'x509' registered
[    0.529368] Block layer SCSI generic (bsg) driver version 0.4 loaded (major 246)
[    0.530401] io scheduler noop registered
[    0.530900] io scheduler deadline registered
[    0.531535] io scheduler cfq registered (default)
[    0.532445] ACPI: AC Adapter [AC] (on-line)
[    0.533004] input: Power Button as /devices/LNXSYSTM:00/LNXPWRBN:00/input/input0
[    0.534039] ACPI: Power Button [PWRF]
[    0.534554] input: Sleep Button as /devices/LNXSYSTM:00/LNXSLPBN:00/input/input1
[    0.535468] ACPI: Sleep Button [SLPF]
[    0.536663] ACPI: Battery Slot [BAT0] (battery present)
[    0.537548] Serial: 8250/16550 driver, 32 ports, IRQ sharing enabled
[    0.558855] 00:02: ttyS0 at I/O 0x3f8 (irq = 4, base_baud = 115200) is a 16550A
[    0.562902] Linux agpgart interface v0.103
[    0.564821] loop: module loaded
[    0.566046] scsi host0: ata_piix
[    0.566588] scsi host1: ata_piix
[    0.567031] ata1: PATA max UDMA/33 cmd 0x1f0 ctl 0x3f6 bmdma 0xd000 irq 14
[    0.567885] ata2: PATA max UDMA/33 cmd 0x170 ctl 0x376 bmdma 0xd008 irq 15
[    0.568798] tun: Universal TUN/TAP device driver, 1.6
[    0.569523] PPP generic driver version 2.4.2
[    0.570165] ehci_hcd: USB 2.0 'Enhanced' Host Controller (EHCI) Driver
[    0.570978] ehci-pci: EHCI PCI platform driver
[    0.571575] ehci-platform: EHCI generic platform driver
[    0.572270] ohci_hcd: USB 1.1 'Open' Host Controller (OHCI) Driver
[    0.573014] ohci-pci: OHCI PCI platform driver
[    0.573573] ohci-platform: OHCI generic platform driver
[    0.574285] uhci_hcd: USB Universal Host Controller Interface driver
[    0.575083] i8042: PNP: PS/2 Controller [PNP0303:PS2K,PNP0f03:PS2M] at 0x60,0x64 irq 1,12
[    0.576462] serio: i8042 KBD port at 0x60,0x64 irq 1
[    0.577092] serio: i8042 AUX port at 0x60,0x64 irq 12
[    0.577847] mousedev: PS/2 mouse device common for all mice
[    0.579123] rtc_cmos rtc_cmos: rtc core: registered rtc_cmos as rtc0
[    0.579980] rtc_cmos rtc_cmos: alarms up to one day, 114 bytes nvram
[    0.580812] input: AT Translated Set 2 keyboard as /devices/platform/i8042/serio0/input/input2
[    0.581890] i2c /dev entries driver
[    0.582467] device-mapper: uevent: version 1.0.3
[    0.583184] device-mapper: ioctl: 4.37.0-ioctl (2017-09-20) initialised: dm-devel@redhat.com
[    0.584476] ledtrig-cpu: registered to indicate activity on CPUs
[    0.585642] NET: Registered protocol family 10
[    0.588918] Segment Routing with IPv6
[    0.589630] NET: Registered protocol family 17
[    0.590481] Key type dns_resolver registered
[    0.591269] mce: Using 0 MCE banks
[    0.591757] RAS: Correctable Errors collector initialized.
[    0.592457] sched_clock: Marking stable (592440335, 0)->(703766933, -111326598)
[    0.593857] registered taskstats version 1
[    0.594378] Loading compiled-in X.509 certificates
[    0.596623] Loaded X.509 cert 'Build time autogenerated kernel key: 979a73de01c113c656ad15d85e66cc9cfc8996b6'
[    0.598221] Loaded X.509 cert 'Canonical Ltd. Live Patch Signing: 14df34d1a87cf37625abec039ef2bf521249b969'
[    0.599801] Loaded X.509 cert 'Canonical Ltd. Kernel Module Signing: 88f752e560a1e0737e31163a466ad7b70a850c19'
[    0.601048] blacklist: Loading compiled-in revocation X.509 certificates
[    0.601933] Loaded X.509 cert 'Canonical Ltd. Secure Boot Signing: 61482aa2830d0ab2ad5af10b7250da9033ddcef0'
[    0.603137] zswap: loaded using pool lzo/zbud
[    0.606798] Key type big_key registered
[    0.607303] Key type trusted registered
[    0.608988] Key type encrypted registered
[    0.609825] AppArmor: AppArmor sha1 policy hashing enabled
[    0.610920] ima: No TPM chip found, activating TPM-bypass! (rc=-19)
[    0.611690] ima: Allocated hash algorithm: sha1
[    0.612334] evm: HMAC attrs: 0x1
[    0.612949]   Magic number: 6:942:372
[    0.613551] rtc_cmos rtc_cmos: setting system clock to 2022-09-02 09:22:21 UTC (1662110541)
[    0.614745] BIOS EDD facility v0.16 2004-Jun-25, 0 devices found
[    0.615561] EDD information not available.
[    0.805793] Freeing unused kernel image memory: 2468K
[    1.352540] Write protecting the kernel read-only data: 20480k
[    1.357920] Freeing unused kernel image memory: 2008K
[    1.359443] Freeing unused kernel image memory: 1820K
[    1.366149] x86/mm: Checked W+X mappings: passed, no W+X pages found.
[    1.367531] x86/mm: Checking user space page tables
[    1.373193] x86/mm: Checked W+X mappings: passed, no W+X pages found.
Loading, please wait...
starting version 237
[    1.422791] e1000: Intel(R) PRO/1000 Network Driver - version 7.3.21-k8-NAPI
[    1.424210] e1000: Copyright (c) 1999-2006 Intel Corporation.
[    1.433284] Fusion MPT base driver 3.04.20
[    1.434241] Copyright (c) 1999-2008 LSI Corporation
[    1.437466] Fusion MPT SPI Host driver 3.04.20
[    1.451385] AVX2 version of gcm_enc/dec engaged.
[    1.452483] AES CTR mode by8 optimization enabled
[    1.680416] input: ImExPS/2 Generic Explorer Mouse as /devices/platform/i8042/serio1/input/input4
[    2.382711] e1000 0000:00:03.0 eth0: (PCI:33MHz:32-bit) 02:77:ed:63:d5:e3
[    2.384149] e1000 0000:00:03.0 eth0: Intel(R) PRO/1000 Network Connection
[    2.386273] mptbase: ioc0: Initiating bringup
[    3.461572] ioc0: LSI53C1030 A0: Capabilities={Initiator}
[    5.214389] scsi host2: ioc0: LSI53C1030 A0, FwRev=00000000h, Ports=1, MaxQ=256, IRQ=20
[    6.663759] scsi 2:0:0:0: Direct-Access     VBOX     HARDDISK         1.0  PQ: 0 ANSI: 5
[    7.530003] scsi target2:0:0: Beginning Domain Validation
[    7.534125] scsi target2:0:0: Domain Validation skipping write tests
[    7.535385] scsi target2:0:0: Ending Domain Validation
[    7.536568] scsi target2:0:0: asynchronous
[    7.537863] scsi 2:0:1:0: Direct-Access     VBOX     HARDDISK         1.0  PQ: 0 ANSI: 5
[    7.797091] scsi target2:0:1: Beginning Domain Validation
[    7.801106] random: fast init done
[    7.801113] scsi target2:0:1: Domain Validation skipping write tests
[    7.803071] scsi target2:0:1: Ending Domain Validation
[    7.803816] scsi target2:0:1: asynchronous
[    7.809180] random: systemd-udevd: uninitialized urandom read (16 bytes read)
[    7.809234] sd 2:0:0:0: Attached scsi generic sg0 type 0
[    7.810731] random: systemd-udevd: uninitialized urandom read (16 bytes read)
[    7.812001] sd 2:0:1:0: Attached scsi generic sg1 type 0
[    7.812829] random: systemd-udevd: uninitialized urandom read (16 bytes read)
[    7.814696] sd 2:0:0:0: [sda] 83886080 512-byte logical blocks: (42.9 GB/40.0 GiB)
[    7.815913] sd 2:0:1:0: [sdb] 20480 512-byte logical blocks: (10.5 MB/10.0 MiB)
[    7.816915] sd 2:0:0:0: [sda] Write Protect is off
[    7.817576] sd 2:0:1:0: [sdb] Write Protect is off
[    7.818476] sd 2:0:0:0: [sda] Incomplete mode parameter data
[    7.819341] sd 2:0:0:0: [sda] Assuming drive cache: write through
[    7.820305] sd 2:0:1:0: [sdb] Incomplete mode parameter data
[    7.821196] sd 2:0:1:0: [sdb] Assuming drive cache: write through
[    7.832013]  sda: sda1
[    7.832313] e1000 0000:00:08.0 eth1: (PCI:33MHz:32-bit) 08:00:27:b9:cf:ad
[    7.834183] e1000 0000:00:08.0 eth1: Intel(R) PRO/1000 Network Connection
[    7.836332] sd 2:0:0:0: [sda] Attached SCSI disk
[    7.837123] sd 2:0:1:0: [sdb] Attached SCSI disk
[    7.838626] e1000 0000:00:08.0 enp0s8: renamed from eth1
[    7.852639] e1000 0000:00:03.0 enp0s3: renamed from eth0
Begin: Loading essential drivers ... [    9.656069] raid6: sse2x1   gen() 14813 MB/s
[    9.704081] raid6: sse2x1   xor() 10717 MB/s
[    9.752097] raid6: sse2x2   gen() 17653 MB/s
[    9.800078] raid6: sse2x2   xor() 12037 MB/s
[    9.848041] raid6: sse2x4   gen() 20428 MB/s
[    9.896074] raid6: sse2x4   xor() 12660 MB/s
[    9.944064] raid6: avx2x1   gen() 29251 MB/s
[    9.992062] raid6: avx2x1   xor() 20622 MB/s
[   10.040095] raid6: avx2x2   gen() 34798 MB/s
[   10.088064] raid6: avx2x2   xor() 22578 MB/s
[   10.136112] raid6: avx2x4   gen() 41255 MB/s
[   10.184093] raid6: avx2x4   xor() 24227 MB/s
[   10.185123] raid6: using algorithm avx2x4 gen() 41255 MB/s
[   10.186035] raid6: .... xor() 24227 MB/s, rmw enabled
[   10.186696] raid6: using avx2x2 recovery algorithm
[   10.188137] xor: automatically using best checksumming function   avx       
[   10.189746] async_tx: api initialized (async)
done.
Begin: Running /scripts/init-premount ... done.
Begin: Mounting root file system ... Begin: Running /scripts/local-top ... done.
Begin: Running /scripts/local-premount ... [   10.222055] Btrfs loaded, crc32c=crc32c-intel
Scanning for Btrfs filesystems
done.
Warning: fsck not present, so skipping root file system
[   10.249958] EXT4-fs (sda1): mounted filesystem with ordered data mode. Opts: (null)
done.
Begin: Running /scripts/local-bottom ... done.
Begin: Running /scripts/init-bottom ... done.
[   10.391058] ip_tables: (C) 2000-2006 Netfilter Core Team
[   10.399651] systemd[1]: systemd 237 running in system mode. (+PAM +AUDIT +SELINUX +IMA +APPARMOR +SMACK +SYSVINIT +UTMP +LIBCRYPTSETUP +GCRYPT +GNUTLS +ACL +XZ +LZ4 +SECCOMP +BLKID +ELFUTILS +KMOD -IDN2 +IDN -PCRE2 default-hierarchy=hybrid)
[   10.403023] systemd[1]: Detected virtualization oracle.
[   10.403697] systemd[1]: Detected architecture x86-64.

Welcome to [1mUbuntu 18.04.6 LTS[0m!

[   10.408696] systemd[1]: Set hostname to <ubuntu>.
[   10.413588] systemd[1]: Initializing machine ID from random generator.
[   10.414979] systemd[1]: Installed transient /etc/machine-id file.
[   10.711054] systemd[1]: Reached target Swap.
[[0;32m  OK  [0m] Reached target Swap.
[   10.712679] systemd[1]: Set up automount Arbitrary Executable File Formats File System Automount Point.
[[0;32m  OK  [0m] Set up automount Arbitrary Executabâ€¦rmats File System Automount Point.
[   10.716454] systemd[1]: Created slice User and Session Slice.
[[0;32m  OK  [0m] Created slice User and Session Slice.
[   10.729878] systemd[1]: Created slice System Slice.
[[0;32m  OK  [0m] Created slice System Slice.
[[0;32m  OK  [0m] Listening on Journal Socket.
[[0;32m  OK  [0m] Listening on Device-mapper event daemon FIFOs.
[[0;32m  OK  [0m] Listening on LVM2 metadata daemon socket.
         Mounting Kernel Debug File System...
[[0;32m  OK  [0m] Listening on udev Control Socket.
[[0;32m  OK  [0m] Reached target Slices.
         Starting Uncomplicated firewall...
         Mounting Huge Pages File System...
[[0;32m  OK  [0m] Listening on Journal Socket (/dev/log).
[[0;32m  OK  [0m] Listening on LVM2 poll daemon socket.
         Starting Load Kernel Modules...
[[0;32m  OK  [0m] Listening on /dev/initctl Compatibility Named Pipe.
[[0;32m  OK  [0m] Listening on fsck to fsckd communication Socket.
[   11.399997] Loading iSCSI transport class v2.0-870.
[   11.405712] iscsi: registered transport (tcp)
[[0;32m  OK  [0m] Listening on Journal Audit Socket.
[[0;32m  OK  [0m] Listening on Network Service Netlink Socket.
[   11.420359] iscsi: registered transport (iser)
         Starting Set the console keyboard layout...
[[0;32m  OK  [0m] Listening on udev Kernel Socket.
         Starting udev Coldplug all Devices...
         Mounting POSIX Message Queue File System...
         Starting File System Check on Root Device...
[[0;32m  OK  [0m] Reached target System Time Synchronized.
[[0;32m  OK  [0m] Created slice system-serial\x2dgetty.slice.
         Starting Create list of required stâ€¦ce nodes for the current kernel...
[[0;32m  OK  [0m] Listening on Syslog Socket.
         Starting Journal Service...
[[0;32m  OK  [0m] Reached target User and Group Name Lookups.
[[0;32m  OK  [0m] Started Forward Password Requests to Wall Directory Watch.
         Starting Monitoring of LVM2 mirrorsâ€¦ng dmeventd or progress polling...
[[0;32m  OK  [0m] Started Journal Service.
[[0;32m  OK  [0m] Mounted Kernel Debug File System.
[[0;32m  OK  [0m] Started Uncomplicated firewall.
[[0;32m  OK  [0m] Mounted Huge Pages File System.
[[0;32m  OK  [0m] Started Load Kernel Modules.
[[0;32m  OK  [0m] Mounted POSIX Message Queue File System.
[[0;32m  OK  [0m] Started File System Check on Root Device.
[[0;32m  OK  [0m] Started Create list of required staâ€¦vice nodes for the current kernel.
[[0;32m  OK  [0m] Started udev Coldplug all Devices.
[[0;32m  OK  [0m] Started LVM2 metadata daemon.
[[0;32m  OK  [0m] Started File System Check Daemon to report status.
         Starting Create Static Device Nodes in /dev...
         Starting Remount Root and Kernel File Systems...
         Mounting Kernel Configuration File System...
         Starting Apply Kernel Variables...
         Mounting FUSE Control File System...
[[0;32m  OK  [0m] Mounted FUSE Control File System.
[[0;32m  OK  [0m] Mounted Kernel Configuration File System.
[[0;32m  OK  [0m] Started Create Static Device Nodes in /dev.
[[0;32m  OK  [0m] Started Remount Root and Kernel File Systems.
         Starting udev Kernel Device Manager...
         Starting Load/Save Random Seed...
         Starting Flush Journal to Persistent Storage...
[[0;32m  OK  [0m] Started Apply Kernel Variables.
[[0;32m  OK  [0m] Started Monitoring of LVM2 mirrors,â€¦sing dmeventd or progress polling.
[[0;32m  OK  [0m] Started Load/Save Random Seed.
[[0;32m  OK  [0m] Started udev Kernel Device Manager.
[[0;32m  OK  [0m] Started Flush Journal to Persistent Storage.
[[0;32m  OK  [0m] Found device /dev/ttyS0.
[[0;32m  OK  [0m] Listening on Load/Save RF Kill Switch Status /dev/rfkill Watch.
[[0;32m  OK  [0m] Started Set the console keyboard layout.
[[0;32m  OK  [0m] Started Dispatch Password Requests to Console Directory Watch.
[[0;32m  OK  [0m] Reached target Local Encrypted Volumes.
[[0;32m  OK  [0m] Reached target Local File Systems (Pre).
[[0;32m  OK  [0m] Reached target Local File Systems.
         Starting Commit a transient machine-id on disk...
         Starting Tell Plymouth To Write Out Runtime Data...
         Starting AppArmor initialization...
         Starting ebtables ruleset management...
         Starting Create Volatile Files and Directories...
         Starting Set console font and keymap...
[[0;32m  OK  [0m] Started Tell Plymouth To Write Out Runtime Data.
[[0;32m  OK  [0m] Started Create Volatile Files and Directories.
[[0;32m  OK  [0m] Started Commit a transient machine-id on disk.
         Starting Update UTMP about System Boot/Shutdown...
[[0;32m  OK  [0m] Started Update UTMP about System Boot/Shutdown.
[[0;32m  OK  [0m] Started ebtables ruleset management.
[[0;32m  OK  [0m] Started AppArmor initialization.
         Starting Load AppArmor profiles managed internally by snapd...
         Starting Initial cloud-init job (pre-networking)...
[[0;32m  OK  [0m] Started Load AppArmor profiles managed internally by snapd.
[[0;32m  OK  [0m] Started Set console font and keymap.
[   13.830781] cloud-init[859]: Cloud-init v. 22.2-0ubuntu1~18.04.2 running 'init-local' at Fri, 02 Sep 2022 09:22:34 +0000. Up 13.54 seconds.
[[0;32m  OK  [0m] Started Initial cloud-init job (pre-networking).
[[0;32m  OK  [0m] Reached target Network (Pre).
         Starting Network Service...
[[0;32m  OK  [0m] Started Network Service.
         Starting Network Name Resolution...
         Starting Wait for Network to be Configured...
[[0;32m  OK  [0m] Started Network Name Resolution.
[[0;32m  OK  [0m] Reached target Host and Network Name Lookups.
[[0;32m  OK  [0m] Reached target Network.
[[0;32m  OK  [0m] Started Wait for Network to be Configured.
         Starting Initial cloud-init job (metadata service crawler)...
[   16.252758] cloud-init[1025]: Cloud-init v. 22.2-0ubuntu1~18.04.2 running 'init' at Fri, 02 Sep 2022 09:22:37 +0000. Up 16.15 seconds.
[   16.264187] cloud-init[1025]: ci-info: ++++++++++++++++++++++++++++++++++++++Net device info+++++++++++++++++++++++++++++++++++++++
[   16.276174] cloud-init[1025]: ci-info: +--------+-------+----------------------------+---------------+--------+-------------------+
[   16.292108] cloud-init[1025]: ci-info: | Device |   Up  |          Address           |      Mask     | Scope  |     Hw-Address    |
[   16.308243] cloud-init[1025]: ci-info: +--------+-------+----------------------------+---------------+--------+-------------------+
[   16.320238] cloud-init[1025]: ci-info: | enp0s3 |  True |         10.0.2.15          | 255.255.255.0 | global | 02:77:ed:63:d5:e3 |
[   16.332138] cloud-init[1025]: ci-info: | enp0s3 |  True | fe80::77:edff:fe63:d5e3/64 |       .       |  link  | 02:77:ed:63:d5:e3 |
[   16.355391] cloud-init[1025]: ci-info: | enp0s8 | False |             .              |       .       |   .    | 08:00:27:b9:cf:ad |
[   16.358320] cloud-init[1025]: ci-info: |   lo   |  True |         127.0.0.1          |   255.0.0.0   |  host  |         .         |
[   16.368660] cloud-init[1025]: ci-info: |   lo   |  True |          ::1/128           |       .       |  host  |         .         |
[   16.370385] cloud-init[1025]: ci-info: +--------+-------+----------------------------+---------------+--------+-------------------+
[   16.371884] cloud-init[1025]: ci-info: ++++++++++++++++++++++++++++Route IPv4 info+++++++++++++++++++++++++++++
[   16.372902] cloud-init[1025]: ci-info: +-------+-------------+----------+-----------------+-----------+-------+
[   16.373914] cloud-init[1025]: ci-info: | Route | Destination | Gateway  |     Genmask     | Interface | Flags |
[   16.374922] cloud-init[1025]: ci-info: +-------+-------------+----------+-----------------+-----------+-------+
[   16.375828] cloud-init[1025]: ci-info: |   0   |   0.0.0.0   | 10.0.2.2 |     0.0.0.0     |   enp0s3  |   UG  |
[   16.376852] cloud-init[1025]: ci-info: |   1   |   10.0.2.0  | 0.0.0.0  |  255.255.255.0  |   enp0s3  |   U   |
[   16.377771] cloud-init[1025]: ci-info: |   2   |   10.0.2.2  | 0.0.0.0  | 255.255.255.255 |   enp0s3  |   UH  |
[   16.378703] cloud-init[1025]: ci-info: +-------+-------------+----------+-----------------+-----------+-------+
[   16.379602] cloud-init[1025]: ci-info: +++++++++++++++++++Route IPv6 info+++++++++++++++++++
[   16.380560] cloud-init[1025]: ci-info: +-------+-------------+---------+-----------+-------+
[   16.381474] cloud-init[1025]: ci-info: | Route | Destination | Gateway | Interface | Flags |
[   16.382245] cloud-init[1025]: ci-info: +-------+-------------+---------+-----------+-------+
[   16.383130] cloud-init[1025]: ci-info: |   1   |  fe80::/64  |    ::   |   enp0s3  |   U   |
[   16.384033] cloud-init[1025]: ci-info: |   3   |    local    |    ::   |   enp0s3  |   U   |
[   16.384938] cloud-init[1025]: ci-info: |   4   |   ff00::/8  |    ::   |   enp0s3  |   U   |
[   16.386571] cloud-init[1025]: ci-info: +-------+-------------+---------+-----------+-------+
[   16.883700] cloud-init[1025]: Generating public/private rsa key pair.
[   16.896372] cloud-init[1025]: Your identification has been saved in /etc/ssh/ssh_host_rsa_key.
[   16.908252] cloud-init[1025]: Your public key has been saved in /etc/ssh/ssh_host_rsa_key.pub.
[[0;32m  OK  [0m] Started Initial cloud-init job (metadata service crawler).
[[0;32m  OK  [0m] Reached target Cloud-config availability.
[[0;32m  OK  [0m] Reached target Network is Online.
[   16.926564] cloud-init[1025]: The key fingerprint is:
         Starting Availability of block devices...
[   16.950238] cloud-init[1025]: SHA256:qgsYnZ/7OM1GpApAFUhhrT5bw/l865kUtGyIVKNCEPI root@ubuntu-bionic
[[0;32m  OK  [0m] Reached target Remote File Systems (Pre).
[   16.960502] cloud-init[1025]: The key's randomart image is:
[   16.961641] cloud-init[1025]: +---[RSA 2048]----+
[[   16.961697] [0;32m  OK  [0mcloud-init] [1025]: Reached target Remote File Systems.|**=o.o           |

[[   16.961738] cloud-init[1025]: |++ .o .          |
[   16.962977] cloud-init[1025]: |..Eo   .         |
[   16.963293] cloud-init[1025]: |.oo.. = .        |
[   16.963738] cloud-init[1025]: |+ +..+ =S        |
[   16.964272] cloud-init[1025]: |.= *..o..        |
[   16.964470] cloud-init[1025]: |..=.*+..         |
[   16.964792] cloud-init[1025]: | ....*=.o        |
[   16.965152] cloud-init[1025]: |    ==+=.        |
[   16.965476] cloud-init[1025]: +----[SHA256]-----+
[   16.965847] cloud-init[1025]: Generating public/private dsa key pair.
[   16.965964] cloud-init[1025]: Your identification has been saved in /etc/ssh/ssh_host_dsa_key.
[   16.966284] cloud-init[1025]: Your public key has been saved in /etc/ssh/ssh_host_dsa_key.pub.
[   16.966605] cloud-init[1025]: The key fingerprint is:
[   16.967046] cloud-init[1025]: SHA256:i2RdL1NdDwgvuTfWbb86DwoXfzCBAW17ZqdqIjOknfs root@ubuntu-bionic
[   16.967367] cloud-init[1025]: The key's randomart image is:
[   16.967685] cloud-init[1025]: +---[DSA 1024]----+
[   16.968041] cloud-init[1025]: |         .+o .. .|
[   16.968355] cloud-init[1025]: |           =+. o.|
[   16.968677] cloud-init[1025]: |          =.+.. .|
[   16.969057] cloud-init[1025]: |       . . * =.o |
[   16.969371] cloud-init[1025]: |      o S +.Oo+ o|
[   16.969764] cloud-init[1025]: |     o o . =ooo..|
[   16.970081] cloud-init[1025]: |      = o. ..o ..|
[   16.970203] cloud-init[1025]: |     . * .oo..o .|
[   16.970320] cloud-init[1025]: |       .*Eo. .+o |
[   16.970433] cloud-init[1025]: +----[SHA256]-----+
[   16.970552] cloud-init[1025]: Generating public/private ecdsa key pair.
[   16.970950] cloud-init[1025]: Your identification has been saved in /etc/ssh/ssh_host_ecdsa_key.
[   16.971256] cloud-init[1025]: Your public key has been saved in /etc/ssh/ssh_host_ecdsa_key.pub.
[   16.971569] cloud-init[1025]: The key fingerprint is:
[   16.971955] cloud-init[1025]: SHA256:UsAbf21xBs9Nr/5+TnhQj8WQJpEUdVfsG0FW+NyF0tU root@ubuntu-bionic
[   16.972274] cloud-init[1025]: The key's randomart image is:
[   16.972652] cloud-init[1025]: +---[ECDSA 256]---+
[   16.972968] cloud-init[1025]: |     ..    .=B+O@|
[   16.973279] cloud-init[1025]: |      o.    =oXBE|
[   16.973634] cloud-init[1025]: |       +.  . Bo+X|
[   16.973940] cloud-init[1025]: |      ... . o  **|
[   16.974254] cloud-init[1025]: |      . S. .  + +|
[   16.974632] cloud-init[1025]: |       .     . + |
[   16.974949] cloud-init[1025]: |              o o|
[   16.975163] cloud-init[1025]: |               +.|
[   16.975470] cloud-init[1025]: |               o=|
[   16.975862] cloud-init[1025]: +----[SHA256]-----+
[   16.976282] cloud-init[1025]: Generating public/private ed25519 key pair.
[   16.976605] cloud-init[1025]: Your identification has been saved in /etc/ssh/ssh_host_ed25519_key.
[   16.976920] cloud-init[1025]: Your public key has been saved in /etc/ssh/ssh_host_ed25519_key.pub.
[   16.977231] cloud-init[1025]: The key fingerprint is:
[   16.977591] cloud-init[1025]: SHA256:U3y+NUGE4FLy/mD+xBRQcGCy8e7pvOp/DpcSn5LVGNw root@ubuntu-bionic
[   16.977899] cloud-init[1025]: The key's randomart image is:
[   16.978208] cloud-init[1025]: +--[ED25519 256]--+
[   16.978568] cloud-init[1025]: |        + B=ooo  |
[   16.978769] cloud-init[1025]: |         % +.o   |
[   16.979078] cloud-init[1025]: |        o * = E  |
[   16.979391] cloud-init[1025]: |         = o = . |
[   16.979808] cloud-init[1025]: |        S * = +  |
[   16.980226] cloud-init[1025]: |         = @ = . |
[   16.980630] cloud-init[1025]: |          O X    |
[   16.980935] cloud-init[1025]: |         o B.    |
[   16.981265] cloud-init[1025]: |       .oo=+o    |
[   16.981603] cloud-init[1025]: +----[SHA256]-----+
[0;32m  OK  [0m] Reached target System Initialization.
[[0;32m  OK  [0m] Started Daily Cleanup of Temporary Directories.
[[0;32m  OK  [0m] Started Message of the Day.
[[0;32m  OK  [0m] Listening on cloud-init hotplug hook socket.
[[0;32m  OK  [0m] Listening on Open-iSCSI iscsid Socket.
         Starting LXD - unix socket.
[[0;32m  OK  [0m] Listening on UUID daemon activation socket.
[[0;32m  OK  [0m] Listening on ACPID Listen Socket.
[[0;32m  OK  [0m] Listening on D-Bus System Message Bus Socket.
[[0;32m  OK  [0m] Started Trigger to poll for Ubuntu â€¦(Only enabled on GCP LTS non-pro).
[[0;32m  OK  [0m] Started ACPI Events Check.
[[0;32m  OK  [0m] Reached target Paths.
[[0;32m  OK  [0m] Started Daily apt download activities.
[[0;32m  OK  [0m] Started Daily apt upgrade and clean activities.
[[0;32m  OK  [0m] Started Discard unused blocks once a week.
[[0;32m  OK  [0m] Started Ubuntu Advantage Timer for running repeated jobs.
[[0;32m  OK  [0m] Reached target Timers.
         Starting Socket activation for snappy daemon.
[[0;32m  OK  [0m] Started Availability of block devices.
[[0;32m  OK  [0m] Listening on LXD - unix socket.
[[0;32m  OK  [0m] Listening on Socket activation for snappy daemon.
[[0;32m  OK  [0m] Reached target Sockets.
[[0;32m  OK  [0m] Reached target Basic System.
         Starting Pollinate to seed the pseudo random number generator...
[[0;32m  OK  [0m] Started FUSE filesystem for LXC.
         Starting LSB: Record successful boot for GRUB...
         Starting System Logging Service...
         Starting Accounts Service...
         Starting Dispatcher daemon for systemd-networkd...
[[0;32m  OK  [0m] Started Deferred execution scheduler.
[[0;32m  OK  [0m] Started irqbalance daemon.
         Starting Permit User Sessions...
         Starting LSB: automatic crash report generation...
         Starting Virtualbox guest utils...
         Starting Snap Daemon...
[[0;32m  OK  [0m] Started D-Bus System Message Bus.
         Starting Login Service...
[[0;32m  OK  [0m] Started Regular background program processing daemon.
         Starting LXD - container startup/shutdown...
[[0;32m  OK  [0m] Started System Logging Service.
[[0;32m  OK  [0m] Started Dispatcher daemon for systemd-networkd.
[[0;32m  OK  [0m] Started Permit User Sessions.
[[0;32m  OK  [0m] Started Login Service.
[[0;32m  OK  [0m] Started Unattended Upgrades Shutdown.
         Starting Authorization Manager...
         Starting Terminate Plymouth Boot Screen...
         Starting Hold until boot process finishes up...
[[0;32m  OK  [0m] Started Terminate Plymouth Boot Screen.
[[0;32m  OK  [0m] Started Hold until boot process finishes up.
[[0;32m  OK  [0m] Started Serial Getty on ttyS0.
         Starting Set console scheme...
[[0;32m  OK  [0m] Started LSB: automatic crash report generation.
[[0;32m  OK  [0m] Started Set console scheme.
[[0;32m  OK  [0m] Created slice system-getty.slice.
[[0;32m  OK  [0m] Started Getty on tty1.
[[0;32m  OK  [0m] Reached target Login Prompts.
[[0;32m  OK  [0m] Started LSB: Record successful boot for GRUB.
[[0;32m  OK  [0m] Started LXD - container startup/shutdown.
[[0;32m  OK  [0m] Started Authorization Manager.
[[0;32m  OK  [0m] Started Accounts Service.
[[0;32m  OK  [0m] Started Virtualbox guest utils.
[[0;32m  OK  [0m] Started Snap Daemon.
         Starting Wait until snapd is fully seeded...
         Starting Time & Date Service...
[[0;32m  OK  [0m] Started Time & Date Service.
[[0;32m  OK  [0m] Started Wait until snapd is fully seeded.
         Starting Apply the settings specified in cloud-config...
[[0;32m  OK  [0m] Started Pollinate to seed the pseudo random number generator.
         Starting OpenBSD Secure Shell server...
[[0;32m  OK  [0m] Started OpenBSD Secure Shell server.
[[0;32m  OK  [0m] Reached target Multi-User System.
[[0;32m  OK  [0m] Reached target Graphical Interface.
[   19.685757] cloud-init[1644]: Cloud-init v. 22.2-0ubuntu1~18.04.2 running 'modules:config' at Fri, 02 Sep 2022 09:22:40 +0000. Up 19.34 seconds.
         Starting Update UTMP about System Runlevel Changes...
[[0;32m  OK  [0m] Started Apply the settings specified in cloud-config.
         Starting Execute cloud user/final scripts...
[[0;32m  OK  [0m] Started Update UTMP about System Runlevel Changes.
ci-info: no authorized SSH keys fingerprints found for user ubuntu.
<14>Sep  2 09:22:41 cloud-init: #############################################################
<14>Sep  2 09:22:41 cloud-init: -----BEGIN SSH HOST KEY FINGERPRINTS-----
<14>Sep  2 09:22:41 cloud-init: 1024 SHA256:i2RdL1NdDwgvuTfWbb86DwoXfzCBAW17ZqdqIjOknfs root@ubuntu-bionic (DSA)
<14>Sep  2 09:22:41 cloud-init: 256 SHA256:UsAbf21xBs9Nr/5+TnhQj8WQJpEUdVfsG0FW+NyF0tU root@ubuntu-bionic (ECDSA)
<14>Sep  2 09:22:41 cloud-init: 256 SHA256:U3y+NUGE4FLy/mD+xBRQcGCy8e7pvOp/DpcSn5LVGNw root@ubuntu-bionic (ED25519)
<14>Sep  2 09:22:41 cloud-init: 2048 SHA256:qgsYnZ/7OM1GpApAFUhhrT5bw/l865kUtGyIVKNCEPI root@ubuntu-bionic (RSA)
<14>Sep  2 09:22:41 cloud-init: -----END SSH HOST KEY FINGERPRINTS-----
<14>Sep  2 09:22:41 cloud-init: #############################################################
-----BEGIN SSH HOST KEY KEYS-----
ecdsa-sha2-nistp256 AAAAE2VjZHNhLXNoYTItbmlzdHAyNTYAAAAIbmlzdHAyNTYAAABBBNndkmrqbboDJ8v3Q+ElTXdDs/WjH1QiMZvH8m56HEJNp/IUGj1iQTSU8PebcKiyt1J5HTiXC2CjJG/6skDOJaM= root@ubuntu-bionic
ssh-ed25519 AAAAC3NzaC1lZDI1NTE5AAAAII9kGUnYsdqzuuKaqfvamqhqCYt58Etnyu5RCJMPxckw root@ubuntu-bionic
ssh-rsa AAAAB3NzaC1yc2EAAAADAQABAAABAQDC9gKjYHc+T/iI+oah+XHhbOKMyCed3o6cTSjW3wdaNYhsieKdbIzDdEDQ9TC5jiEA6QzW++vamog227LwTNdNOQ7IChfS3rtK62l8xzFcCCSx96mCqbOv5p02/EmDJpFj7kc31D1MhoWOLDqXNyJ5wXlIFmRDd/xY1UuGTL6WjyfMfEWlQyMGo74sXdwAYjnvFT/6wfmepez8XlN2y3HzY4tfvPYrzEBfhG5/iezBZyYFh/cCtNCbto4Pu1In/0K7DMG9d3YbZstWgUYKo+zO3uRe1piyQERiLCz5VUQMz/cmbd9VxE9W/zv4p3YteU5jvGAPiesSewTL0UI5TIvd root@ubuntu-bionic
-----END SSH HOST KEY KEYS-----
[   20.164975] cloud-init[1739]: Cloud-init v. 22.2-0ubuntu1~18.04.2 running 'modules:final' at Fri, 02 Sep 2022 09:22:40 +0000. Up 20.01 seconds.
[   20.166034] cloud-init[1739]: Cloud-init v. 22.2-0ubuntu1~18.04.2 finished at Fri, 02 Sep 2022 09:22:41 +0000. Datasource DataSourceNoCloud [seed=/dev/sdb][dsmode=net].  Up 20.15 seconds
[[0;32m  OK  [0m] Created slice User Slice of vagrant.
[[0;32m  OK  [0m] Started Execute cloud user/final scripts.
         Starting User Manager for UID 1000...
[[0;32m  OK  [0m] Reached target Cloud-init target.
[[0;32m  OK  [0m] Started Session 1 of user vagrant.
[[0;32m  OK  [0m] Started User Manager for UID 1000.

Ubuntu 18.04.6 LTS ubuntu-bionic ttyS0

ubuntu-bionic login: 